// Jest Snapshot v1, https://goo.gl/fbAQLP

exports[`should render AddExpense page 1`] = `
<div>
  <h2>
    From the Add Expense Page
  </h2>
  <ExpenseForm
    onSubmit={[Function]}
  />
</div>
`;
