// Jest Snapshot v1, https://goo.gl/fbAQLP

exports[`should render LoginPage 1`] = `
<div>
  <h2>
    Log in Page
  </h2>
</div>
`;
