// Jest Snapshot v1, https://goo.gl/fbAQLP

exports[`should render NotFoundPage 1`] = `
<div>
  This page does not exist. Please check the route you're on. Click 
  <Link
    to="/"
  >
    here
  </Link>
   to go back
</div>
`;
